2025-04-25 16:59:01.645 +07 | INFO     | Line   20 (streamlit_app.py): Processing video
2025-04-25 16:59:07.407 +07 | INFO     | Line   20 (streamlit_app.py): Processing video
2025-04-25 16:59:28.474 +07 | ERROR    | Line  107 (streamlit_app.py): [App Error] module 'whisper' has no attribute 'load_model'
2025-04-25 17:07:21.015 +07 | INFO     | Line   20 (streamlit_app.py): Processing video
2025-04-25 17:07:25.897 +07 | ERROR    | Line  107 (streamlit_app.py): [App Error] module 'whisper' has no attribute 'load_model'
2025-04-25 17:11:29.800 +07 | INFO     | Line   20 (streamlit_app.py): Processing video
2025-04-25 17:11:33.324 +07 | ERROR    | Line  107 (streamlit_app.py): [App Error] module 'whisper' has no attribute 'load_model'
2025-04-25 17:50:35.736 +07 | INFO     | Line   20 (streamlit_app.py): Processing video
2025-04-25 17:50:40.288 +07 | ERROR    | Line  107 (streamlit_app.py): [App Error] module 'whisper' has no attribute 'load_model'
2025-04-25 17:53:16.624 +07 | INFO     | Line   20 (streamlit_app.py): Processing video
2025-04-25 17:53:20.478 +07 | ERROR    | Line  105 (streamlit_app.py): [App Error] module 'whisper' has no attribute 'load_model'
2025-04-25 17:55:30.209 +07 | INFO     | Line   20 (streamlit_app.py): Processing video
2025-04-25 17:55:39.432 +07 | ERROR    | Line  105 (streamlit_app.py): [App Error] Failed to import transformers.integrations.integration_utils because of the following error (look up to see its traceback):
Failed to import transformers.modeling_tf_utils because of the following error (look up to see its traceback):
Your currently installed version of Keras is Keras 3, but this is not yet supported in Transformers. Please install the backwards-compatible tf-keras package with `pip install tf-keras`.
2025-04-25 17:56:24.632 +07 | INFO     | Line   20 (streamlit_app.py): Processing video
2025-04-25 17:56:46.380 +07 | INFO     | Line   43 (video_processor.py): Downloading YouTube video from https://www.youtube.com/watch?v=9RhWXPcKBI8
2025-04-25 17:56:51.478 +07 | ERROR    | Line   58 (video_processor.py): Download failed: [0;31mERROR:[0m You have requested merging of multiple formats but ffmpeg is not installed. Aborting due to --abort-on-error
2025-04-25 17:56:51.480 +07 | ERROR    | Line  105 (streamlit_app.py): [App Error] [0;31mERROR:[0m You have requested merging of multiple formats but ffmpeg is not installed. Aborting due to --abort-on-error
2025-04-25 18:03:10.349 +07 | INFO     | Line   20 (streamlit_app.py): Processing video
2025-04-25 18:03:24.291 +07 | INFO     | Line   43 (video_processor.py): Downloading YouTube video from https://www.youtube.com/watch?v=9RhWXPcKBI8
2025-04-25 18:04:06.137 +07 | INFO     | Line   55 (video_processor.py): Downloaded to /tmp/video_chatbot_smisg1gi/4fdde170-a375-4cc5-887d-ab4be1b2e6a3.mp4
2025-04-25 18:04:15.104 +07 | ERROR    | Line  136 (video_processor.py): TransNetV2 extraction failed: ffmpeg error (see stderr output for detail)
2025-04-25 18:04:15.107 +07 | ERROR    | Line  105 (streamlit_app.py): [App Error] ffmpeg error (see stderr output for detail)
2025-04-25 18:13:22.054 +07 | INFO     | Line   20 (streamlit_app.py): Processing video
2025-04-25 18:13:35.431 +07 | INFO     | Line   43 (video_processor.py): Downloading YouTube video from https://www.youtube.com/watch?v=9RhWXPcKBI8
2025-04-25 18:14:16.846 +07 | INFO     | Line   55 (video_processor.py): Downloaded to /tmp/video_chatbot_cuvubgv4/7756cb40-219f-4757-8273-d32da3656d75.mp4
2025-04-25 18:14:21.687 +07 | ERROR    | Line  136 (video_processor.py): TransNetV2 extraction failed: ffmpeg error (see stderr output for detail)
2025-04-25 18:14:21.689 +07 | ERROR    | Line  105 (streamlit_app.py): [App Error] ffmpeg error (see stderr output for detail)
2025-04-25 19:32:59.456 +07 | INFO     | Line   20 (streamlit_app.py): Processing video
2025-04-25 19:33:10.745 +07 | INFO     | Line   43 (video_processor.py): Downloading YouTube video from https://www.youtube.com/watch?v=9RhWXPcKBI8
2025-04-25 19:34:00.873 +07 | INFO     | Line   55 (video_processor.py): Downloaded to /tmp/video_chatbot_1zrw1059/0f235546-f463-4c1f-9e15-b27c4f46c6dc.mp4
2025-04-25 19:34:06.444 +07 | ERROR    | Line  137 (video_processor.py): TransNetV2 extraction failed: ffmpeg error (see stderr output for detail)
2025-04-25 19:34:06.450 +07 | ERROR    | Line  105 (streamlit_app.py): [App Error] ffmpeg error (see stderr output for detail)
2025-04-25 19:46:44.237 +07 | INFO     | Line   20 (streamlit_app.py): Processing video
2025-04-25 19:46:55.374 +07 | INFO     | Line   43 (video_processor.py): Downloading YouTube video from https://www.youtube.com/watch?v=9RhWXPcKBI8
2025-04-25 19:47:52.442 +07 | INFO     | Line   55 (video_processor.py): Downloaded to /tmp/video_chatbot_2tl0v2j7/a61dc44f-9093-4e5e-b1a4-de8d9d061872.mp4
2025-04-25 19:47:58.055 +07 | ERROR    | Line  137 (video_processor.py): TransNetV2 extraction failed: ffmpeg error (see stderr output for detail)
2025-04-25 19:47:58.058 +07 | ERROR    | Line  105 (streamlit_app.py): [App Error] ffmpeg error (see stderr output for detail)
2025-04-25 19:57:53.240 +07 | INFO     | Line   20 (streamlit_app.py): Processing video
2025-04-25 19:58:05.874 +07 | INFO     | Line   50 (video_processor.py): Downloading YouTube video from https://www.youtube.com/watch?v=9RhWXPcKBI8
2025-04-25 19:58:55.292 +07 | INFO     | Line   62 (video_processor.py): Downloaded to /tmp/video_chatbot_lk1xo5sn/f3964dde-2248-4b28-8741-1dbac594a6e0.mp4
2025-04-25 19:59:00.192 +07 | ERROR    | Line  142 (video_processor.py): TransNetV2 extraction failed: ffmpeg error (see stderr output for detail)
2025-04-25 19:59:00.193 +07 | ERROR    | Line  102 (streamlit_app.py): [App Error] ffmpeg error (see stderr output for detail)
2025-04-25 20:00:38.388 +07 | INFO     | Line   20 (streamlit_app.py): Processing video
2025-04-25 20:00:50.316 +07 | INFO     | Line   50 (video_processor.py): Downloading YouTube video from https://www.youtube.com/watch?v=9RhWXPcKBI8
2025-04-25 20:01:37.603 +07 | INFO     | Line   62 (video_processor.py): Downloaded to /tmp/video_chatbot_uwzwukee/154fce48-4fb3-40f6-9fd0-271f1e766c48.mp4
2025-04-25 20:01:37.616 +07 | ERROR    | Line  112 (video_processor.py): Interval frame extraction error: range() arg 3 must not be zero
2025-04-25 20:01:37.618 +07 | ERROR    | Line  102 (streamlit_app.py): [App Error] range() arg 3 must not be zero
2025-04-25 20:09:07.785 +07 | INFO     | Line   20 (streamlit_app.py): Processing video
2025-04-25 20:09:30.059 +07 | INFO     | Line   50 (video_processor.py): Downloading YouTube video from https://www.youtube.com/watch?v=9RhWXPcKBI8
2025-04-25 20:10:14.304 +07 | INFO     | Line   62 (video_processor.py): Downloaded to /tmp/video_chatbot_3ku20wtt/4c39a95b-a69e-40bb-b04d-8c5a555e5180.mp4
2025-04-25 20:10:14.306 +07 | ERROR    | Line  112 (video_processor.py): Interval frame extraction error: range() arg 3 must not be zero
2025-04-25 20:10:14.308 +07 | ERROR    | Line  102 (streamlit_app.py): [App Error] range() arg 3 must not be zero
2025-04-25 20:11:04.481 +07 | INFO     | Line   20 (streamlit_app.py): Processing video
2025-04-25 20:11:06.023 +07 | INFO     | Line   20 (streamlit_app.py): Processing video
2025-04-25 20:11:13.216 +07 | ERROR    | Line  102 (streamlit_app.py): [App Error] Cannot copy out of meta tensor; no data! Please use torch.nn.Module.to_empty() instead of torch.nn.Module.to() when moving module from meta to a different device.
2025-04-25 20:11:17.360 +07 | INFO     | Line   50 (video_processor.py): Downloading YouTube video from https://www.youtube.com/watch?v=9RhWXPcKBI8\
2025-04-25 20:12:04.677 +07 | INFO     | Line   62 (video_processor.py): Downloaded to /tmp/video_chatbot_361t92z5/13bd8aa9-1a16-4709-8c25-bf3c49b42717.mp4
2025-04-25 20:12:04.681 +07 | INFO     | Line  108 (video_processor.py): Extracted 0 interval-based keyframes
2025-04-25 20:14:44.828 +07 | INFO     | Line   20 (streamlit_app.py): Processing video
2025-04-25 20:14:45.137 +07 | ERROR    | Line  102 (streamlit_app.py): [App Error] Using a `device_map` or `tp_plan` requires `accelerate`. You can install it with `pip install accelerate`
2025-04-25 20:15:27.099 +07 | INFO     | Line   20 (streamlit_app.py): Processing video
2025-04-25 20:15:43.573 +07 | INFO     | Line   57 (video_processor.py): Downloading YouTube video from https://www.youtube.com/watch?v=9RhWXPcKBI8
2025-04-25 20:16:29.853 +07 | INFO     | Line   69 (video_processor.py): Downloaded to /tmp/video_chatbot_959x5_d9/50c7c835-76f4-4c06-906c-b35e12f913de.mp4
2025-04-25 20:16:29.855 +07 | INFO     | Line  115 (video_processor.py): Extracted 0 interval-based keyframes
2025-04-25 20:16:37.901 +07 | ERROR    | Line  102 (streamlit_app.py): [App Error] tuple index out of range
2025-04-25 20:24:28.197 +07 | INFO     | Line   20 (streamlit_app.py): Processing video
2025-04-25 20:24:39.353 +07 | INFO     | Line   56 (video_processor.py): Downloading YouTube video from https://www.youtube.com/watch?v=9RhWXPcKBI8
2025-04-25 20:25:21.057 +07 | INFO     | Line   68 (video_processor.py): Downloaded to /tmp/video_chatbot_d4nstba0/09d75c37-ac41-48b8-96ca-61cae52c95e5.mp4
2025-04-25 20:25:28.193 +07 | ERROR    | Line  102 (streamlit_app.py): [App Error] tuple index out of range
2025-04-25 20:52:40.483 +07 | INFO     | Line   20 (streamlit_app.py): Processing video
2025-04-25 20:52:54.440 +07 | INFO     | Line   56 (video_processor.py): Downloading YouTube video from https://www.youtube.com/watch?v=9RhWXPcKBI8
2025-04-25 20:52:57.192 +07 | ERROR    | Line   71 (video_processor.py): Download failed: [0;31mERROR:[0m [youtube] 9RhWXPcKBI8: Sign in to confirm you’re not a bot. Use --cookies-from-browser or --cookies for the authentication. See  https://github.com/yt-dlp/yt-dlp/wiki/FAQ#how-do-i-pass-cookies-to-yt-dlp  for how to manually pass cookies. Also see  https://github.com/yt-dlp/yt-dlp/wiki/Extractors#exporting-youtube-cookies  for tips on effectively exporting YouTube cookies
2025-04-25 20:52:57.203 +07 | ERROR    | Line  108 (streamlit_app.py): [App Error] [0;31mERROR:[0m [youtube] 9RhWXPcKBI8: Sign in to confirm you’re not a bot. Use --cookies-from-browser or --cookies for the authentication. See  https://github.com/yt-dlp/yt-dlp/wiki/FAQ#how-do-i-pass-cookies-to-yt-dlp  for how to manually pass cookies. Also see  https://github.com/yt-dlp/yt-dlp/wiki/Extractors#exporting-youtube-cookies  for tips on effectively exporting YouTube cookies
2025-04-25 21:01:34.157 +07 | INFO     | Line   20 (streamlit_app.py): Processing video
2025-04-25 21:01:35.154 +07 | INFO     | Line   20 (streamlit_app.py): Processing video
2025-04-25 21:01:46.393 +07 | INFO     | Line   56 (video_processor.py): Downloading YouTube video from https://www.youtube.com/watch?v=9RhWXPcKBI8\
2025-04-25 21:01:49.402 +07 | ERROR    | Line   71 (video_processor.py): Download failed: [0;31mERROR:[0m [youtube] 9RhWXPcKBI8: Sign in to confirm you’re not a bot. Use --cookies-from-browser or --cookies for the authentication. See  https://github.com/yt-dlp/yt-dlp/wiki/FAQ#how-do-i-pass-cookies-to-yt-dlp  for how to manually pass cookies. Also see  https://github.com/yt-dlp/yt-dlp/wiki/Extractors#exporting-youtube-cookies  for tips on effectively exporting YouTube cookies
2025-04-25 21:01:50.347 +07 | INFO     | Line   56 (video_processor.py): Downloading YouTube video from https://www.youtube.com/watch?v=9RhWXPcKBI8
2025-04-25 21:01:52.070 +07 | ERROR    | Line   71 (video_processor.py): Download failed: [0;31mERROR:[0m [youtube] 9RhWXPcKBI8: Sign in to confirm you’re not a bot. Use --cookies-from-browser or --cookies for the authentication. See  https://github.com/yt-dlp/yt-dlp/wiki/FAQ#how-do-i-pass-cookies-to-yt-dlp  for how to manually pass cookies. Also see  https://github.com/yt-dlp/yt-dlp/wiki/Extractors#exporting-youtube-cookies  for tips on effectively exporting YouTube cookies
2025-04-25 21:01:52.072 +07 | ERROR    | Line  108 (streamlit_app.py): [App Error] [0;31mERROR:[0m [youtube] 9RhWXPcKBI8: Sign in to confirm you’re not a bot. Use --cookies-from-browser or --cookies for the authentication. See  https://github.com/yt-dlp/yt-dlp/wiki/FAQ#how-do-i-pass-cookies-to-yt-dlp  for how to manually pass cookies. Also see  https://github.com/yt-dlp/yt-dlp/wiki/Extractors#exporting-youtube-cookies  for tips on effectively exporting YouTube cookies
2025-04-25 21:07:48.085 +07 | INFO     | Line   20 (streamlit_app.py): Processing video
2025-04-25 21:07:59.624 +07 | INFO     | Line   56 (video_processor.py): Downloading YouTube video from https://www.youtube.com/watch?v=9RhWXPcKBI8
2025-04-25 21:07:59.625 +07 | ERROR    | Line   75 (video_processor.py): Download failed: local variable 'ydl_opts' referenced before assignment
2025-04-25 21:07:59.626 +07 | ERROR    | Line  108 (streamlit_app.py): [App Error] local variable 'ydl_opts' referenced before assignment
2025-04-25 21:19:44.109 +07 | INFO     | Line   20 (streamlit_app.py): Processing video
2025-04-25 21:19:59.108 +07 | INFO     | Line   56 (video_processor.py): 📥 Downloading YouTube video: https://www.youtube.com/watch?v=9RhWXPcKBI8
2025-04-25 21:20:02.421 +07 | ERROR    | Line   80 (video_processor.py): Download failed: [0;31mERROR:[0m [youtube] 9RhWXPcKBI8: Sign in to confirm you’re not a bot. Use --cookies-from-browser or --cookies for the authentication. See  https://github.com/yt-dlp/yt-dlp/wiki/FAQ#how-do-i-pass-cookies-to-yt-dlp  for how to manually pass cookies. Also see  https://github.com/yt-dlp/yt-dlp/wiki/Extractors#exporting-youtube-cookies  for tips on effectively exporting YouTube cookies
2025-04-25 21:20:02.426 +07 | ERROR    | Line  108 (streamlit_app.py): [App Error] [0;31mERROR:[0m [youtube] 9RhWXPcKBI8: Sign in to confirm you’re not a bot. Use --cookies-from-browser or --cookies for the authentication. See  https://github.com/yt-dlp/yt-dlp/wiki/FAQ#how-do-i-pass-cookies-to-yt-dlp  for how to manually pass cookies. Also see  https://github.com/yt-dlp/yt-dlp/wiki/Extractors#exporting-youtube-cookies  for tips on effectively exporting YouTube cookies
2025-04-25 21:25:38.320 +07 | INFO     | Line   20 (streamlit_app.py): Processing video
2025-04-25 21:25:50.298 +07 | INFO     | Line   56 (video_processor.py): 📥 Downloading YouTube video: https://www.youtube.com/watch?v=9RhWXPcKBI8
2025-04-25 21:25:50.299 +07 | INFO     | Line   70 (video_processor.py): Using cookies.txt for authentication
2025-04-25 21:25:53.097 +07 | ERROR    | Line   80 (video_processor.py): Download failed: [0;31mERROR:[0m [youtube] 9RhWXPcKBI8: Sign in to confirm you’re not a bot. Use --cookies-from-browser or --cookies for the authentication. See  https://github.com/yt-dlp/yt-dlp/wiki/FAQ#how-do-i-pass-cookies-to-yt-dlp  for how to manually pass cookies. Also see  https://github.com/yt-dlp/yt-dlp/wiki/Extractors#exporting-youtube-cookies  for tips on effectively exporting YouTube cookies
2025-04-25 21:25:53.098 +07 | ERROR    | Line  108 (streamlit_app.py): [App Error] [0;31mERROR:[0m [youtube] 9RhWXPcKBI8: Sign in to confirm you’re not a bot. Use --cookies-from-browser or --cookies for the authentication. See  https://github.com/yt-dlp/yt-dlp/wiki/FAQ#how-do-i-pass-cookies-to-yt-dlp  for how to manually pass cookies. Also see  https://github.com/yt-dlp/yt-dlp/wiki/Extractors#exporting-youtube-cookies  for tips on effectively exporting YouTube cookies
2025-04-25 21:30:43.317 +07 | INFO     | Line   20 (streamlit_app.py): Processing video
2025-04-25 21:30:58.510 +07 | INFO     | Line   56 (video_processor.py): 📥 Downloading YouTube video: https://www.youtube.com/watch?v=9RhWXPcKBI8
2025-04-25 21:30:58.511 +07 | INFO     | Line   70 (video_processor.py): Using cookies.txt for authentication
2025-04-25 21:31:01.655 +07 | ERROR    | Line   80 (video_processor.py): Download failed: [0;31mERROR:[0m [youtube] 9RhWXPcKBI8: Sign in to confirm you’re not a bot. Use --cookies-from-browser or --cookies for the authentication. See  https://github.com/yt-dlp/yt-dlp/wiki/FAQ#how-do-i-pass-cookies-to-yt-dlp  for how to manually pass cookies. Also see  https://github.com/yt-dlp/yt-dlp/wiki/Extractors#exporting-youtube-cookies  for tips on effectively exporting YouTube cookies
2025-04-25 21:31:01.658 +07 | ERROR    | Line  108 (streamlit_app.py): [App Error] [0;31mERROR:[0m [youtube] 9RhWXPcKBI8: Sign in to confirm you’re not a bot. Use --cookies-from-browser or --cookies for the authentication. See  https://github.com/yt-dlp/yt-dlp/wiki/FAQ#how-do-i-pass-cookies-to-yt-dlp  for how to manually pass cookies. Also see  https://github.com/yt-dlp/yt-dlp/wiki/Extractors#exporting-youtube-cookies  for tips on effectively exporting YouTube cookies
2025-04-25 21:37:23.295 +07 | INFO     | Line   20 (streamlit_app.py): Processing video
2025-04-25 21:37:35.208 +07 | INFO     | Line   56 (video_processor.py): 📥 Downloading YouTube video: https://www.youtube.com/watch?v=9RhWXPcKBI8
2025-04-25 21:37:35.208 +07 | INFO     | Line   70 (video_processor.py): Using cookies.txt for authentication
2025-04-25 21:37:37.617 +07 | ERROR    | Line   80 (video_processor.py): Download failed: [0;31mERROR:[0m [youtube] 9RhWXPcKBI8: Sign in to confirm you’re not a bot. Use --cookies-from-browser or --cookies for the authentication. See  https://github.com/yt-dlp/yt-dlp/wiki/FAQ#how-do-i-pass-cookies-to-yt-dlp  for how to manually pass cookies. Also see  https://github.com/yt-dlp/yt-dlp/wiki/Extractors#exporting-youtube-cookies  for tips on effectively exporting YouTube cookies
2025-04-25 21:37:37.620 +07 | ERROR    | Line  108 (streamlit_app.py): [App Error] [0;31mERROR:[0m [youtube] 9RhWXPcKBI8: Sign in to confirm you’re not a bot. Use --cookies-from-browser or --cookies for the authentication. See  https://github.com/yt-dlp/yt-dlp/wiki/FAQ#how-do-i-pass-cookies-to-yt-dlp  for how to manually pass cookies. Also see  https://github.com/yt-dlp/yt-dlp/wiki/Extractors#exporting-youtube-cookies  for tips on effectively exporting YouTube cookies
2025-04-25 21:42:11.395 +07 | INFO     | Line   20 (streamlit_app.py): Processing video
2025-04-25 21:42:23.881 +07 | INFO     | Line   56 (video_processor.py): 📥 Downloading YouTube video: https://www.youtube.com/watch?v=9RhWXPcKBI8
2025-04-25 21:42:23.882 +07 | INFO     | Line   70 (video_processor.py): Using cookies.txt for authentication
2025-04-25 21:42:26.542 +07 | ERROR    | Line   80 (video_processor.py): Download failed: [0;31mERROR:[0m [youtube] 9RhWXPcKBI8: Sign in to confirm you’re not a bot. Use --cookies-from-browser or --cookies for the authentication. See  https://github.com/yt-dlp/yt-dlp/wiki/FAQ#how-do-i-pass-cookies-to-yt-dlp  for how to manually pass cookies. Also see  https://github.com/yt-dlp/yt-dlp/wiki/Extractors#exporting-youtube-cookies  for tips on effectively exporting YouTube cookies
2025-04-25 21:42:26.544 +07 | ERROR    | Line  108 (streamlit_app.py): [App Error] [0;31mERROR:[0m [youtube] 9RhWXPcKBI8: Sign in to confirm you’re not a bot. Use --cookies-from-browser or --cookies for the authentication. See  https://github.com/yt-dlp/yt-dlp/wiki/FAQ#how-do-i-pass-cookies-to-yt-dlp  for how to manually pass cookies. Also see  https://github.com/yt-dlp/yt-dlp/wiki/Extractors#exporting-youtube-cookies  for tips on effectively exporting YouTube cookies
2025-04-25 21:43:16.787 +07 | INFO     | Line   20 (streamlit_app.py): Processing video
2025-04-25 21:43:28.253 +07 | INFO     | Line   56 (video_processor.py): 📥 Downloading YouTube video: https://www.youtube.com/watch?v=9RhWXPcKBI8
2025-04-25 21:43:28.253 +07 | INFO     | Line   70 (video_processor.py): Using cookies.txt for authentication
2025-04-25 21:43:30.594 +07 | ERROR    | Line   80 (video_processor.py): Download failed: [0;31mERROR:[0m [youtube] 9RhWXPcKBI8: Sign in to confirm you’re not a bot. Use --cookies-from-browser or --cookies for the authentication. See  https://github.com/yt-dlp/yt-dlp/wiki/FAQ#how-do-i-pass-cookies-to-yt-dlp  for how to manually pass cookies. Also see  https://github.com/yt-dlp/yt-dlp/wiki/Extractors#exporting-youtube-cookies  for tips on effectively exporting YouTube cookies
2025-04-25 21:43:30.597 +07 | ERROR    | Line  108 (streamlit_app.py): [App Error] [0;31mERROR:[0m [youtube] 9RhWXPcKBI8: Sign in to confirm you’re not a bot. Use --cookies-from-browser or --cookies for the authentication. See  https://github.com/yt-dlp/yt-dlp/wiki/FAQ#how-do-i-pass-cookies-to-yt-dlp  for how to manually pass cookies. Also see  https://github.com/yt-dlp/yt-dlp/wiki/Extractors#exporting-youtube-cookies  for tips on effectively exporting YouTube cookies
2025-04-25 21:44:42.158 +07 | INFO     | Line   20 (streamlit_app.py): Processing video
2025-04-25 21:44:55.062 +07 | INFO     | Line   56 (video_processor.py): 📥 Downloading YouTube video: https://www.youtube.com/watch?v=9RhWXPcKBI8
2025-04-25 21:44:55.062 +07 | INFO     | Line   70 (video_processor.py): Using cookies.txt for authentication
2025-04-25 21:44:57.474 +07 | ERROR    | Line   80 (video_processor.py): Download failed: [0;31mERROR:[0m [youtube] 9RhWXPcKBI8: Sign in to confirm you’re not a bot. Use --cookies-from-browser or --cookies for the authentication. See  https://github.com/yt-dlp/yt-dlp/wiki/FAQ#how-do-i-pass-cookies-to-yt-dlp  for how to manually pass cookies. Also see  https://github.com/yt-dlp/yt-dlp/wiki/Extractors#exporting-youtube-cookies  for tips on effectively exporting YouTube cookies
2025-04-25 21:44:57.476 +07 | ERROR    | Line  108 (streamlit_app.py): [App Error] [0;31mERROR:[0m [youtube] 9RhWXPcKBI8: Sign in to confirm you’re not a bot. Use --cookies-from-browser or --cookies for the authentication. See  https://github.com/yt-dlp/yt-dlp/wiki/FAQ#how-do-i-pass-cookies-to-yt-dlp  for how to manually pass cookies. Also see  https://github.com/yt-dlp/yt-dlp/wiki/Extractors#exporting-youtube-cookies  for tips on effectively exporting YouTube cookies
2025-04-25 21:46:47.782 +07 | INFO     | Line   20 (streamlit_app.py): Processing video
2025-04-25 21:47:00.149 +07 | INFO     | Line   56 (video_processor.py): 📥 Downloading YouTube video: https://www.youtube.com/watch?v=9RhWXPcKBI8
2025-04-25 21:47:00.150 +07 | INFO     | Line   70 (video_processor.py): Using cookies.txt for authentication
2025-04-25 21:47:10.361 +07 | INFO     | Line   76 (video_processor.py): Downloaded to /home/dattruong/Desktop/Job/Technical-Test/Eklipse/video_chatbot_je_7fli2/12377b9f-fe5d-45ea-9305-84c11b9293d9.mp4
2025-04-25 21:47:50.695 +07 | ERROR    | Line  108 (streamlit_app.py): [App Error] 'NoneType' object is not subscriptable
2025-04-25 21:55:33.762 +07 | INFO     | Line   20 (streamlit_app.py): Processing video
2025-04-25 21:55:45.594 +07 | INFO     | Line   56 (video_processor.py): 📥 Downloading YouTube video: https://www.youtube.com/watch?v=9RhWXPcKBI8
2025-04-25 21:55:45.595 +07 | INFO     | Line   70 (video_processor.py): Using cookies.txt for authentication
2025-04-25 21:55:48.659 +07 | ERROR    | Line   80 (video_processor.py): Download failed: [0;31mERROR:[0m [youtube] 9RhWXPcKBI8: Sign in to confirm you’re not a bot. Use --cookies-from-browser or --cookies for the authentication. See  https://github.com/yt-dlp/yt-dlp/wiki/FAQ#how-do-i-pass-cookies-to-yt-dlp  for how to manually pass cookies. Also see  https://github.com/yt-dlp/yt-dlp/wiki/Extractors#exporting-youtube-cookies  for tips on effectively exporting YouTube cookies
2025-04-25 21:55:48.661 +07 | ERROR    | Line  108 (streamlit_app.py): [App Error] [0;31mERROR:[0m [youtube] 9RhWXPcKBI8: Sign in to confirm you’re not a bot. Use --cookies-from-browser or --cookies for the authentication. See  https://github.com/yt-dlp/yt-dlp/wiki/FAQ#how-do-i-pass-cookies-to-yt-dlp  for how to manually pass cookies. Also see  https://github.com/yt-dlp/yt-dlp/wiki/Extractors#exporting-youtube-cookies  for tips on effectively exporting YouTube cookies
2025-04-25 21:58:04.564 +07 | INFO     | Line   20 (streamlit_app.py): Processing video
2025-04-25 21:58:16.722 +07 | INFO     | Line   56 (video_processor.py): 📥 Downloading YouTube video: https://www.youtube.com/watch?v=9RhWXPcKBI8
2025-04-25 21:58:16.724 +07 | INFO     | Line   70 (video_processor.py): Using cookies.txt for authentication
2025-04-25 21:59:16.573 +07 | INFO     | Line   76 (video_processor.py): Downloaded to /home/dattruong/Desktop/Job/Technical-Test/Eklipse/video_chatbot_tol0xya0/6bfa1a65-076b-43bb-8bae-2d9ae81568e0.mp4
2025-04-25 22:04:16.306 +07 | ERROR    | Line  108 (streamlit_app.py): [App Error] 'NoneType' object is not subscriptable
2025-04-25 22:11:23.962 +07 | INFO     | Line   20 (streamlit_app.py): Processing video
2025-04-25 22:11:36.140 +07 | INFO     | Line   56 (video_processor.py): Downloading YouTube video: https://www.youtube.com/watch?v=9RhWXPcKBI8
2025-04-25 22:12:21.865 +07 | INFO     | Line   70 (video_processor.py): Downloaded to /home/dattruong/Desktop/Job/Technical-Test/Eklipse/video_chatbot_qas_bxja/82fc0f8f-0f8e-4713-b5db-d6431a370897.mp4
2025-04-25 22:12:30.050 +07 | ERROR    | Line  108 (streamlit_app.py): [App Error] tuple index out of range
2025-04-25 22:18:51.372 +07 | INFO     | Line   20 (streamlit_app.py): Processing video
2025-04-25 22:19:05.743 +07 | INFO     | Line   88 (video_processor.py): Keyframe extracting....
2025-04-25 22:19:05.744 +07 | INFO     | Line   56 (video_processor.py): Downloading YouTube video: https://www.youtube.com/watch?v=9RhWXPcKBI8
2025-04-25 22:19:54.486 +07 | INFO     | Line   70 (video_processor.py): Downloaded to /home/dattruong/Desktop/Job/Technical-Test/Eklipse/video_chatbot_lxi_df2u/0dd6e573-ef40-4e6f-8860-a39e3a0bcde1.mp4
2025-04-25 22:20:01.933 +07 | ERROR    | Line  108 (streamlit_app.py): [App Error] tuple index out of range
2025-04-25 22:21:05.599 +07 | INFO     | Line   20 (streamlit_app.py): Processing video
2025-04-25 22:21:18.813 +07 | INFO     | Line   88 (video_processor.py): Keyframe extracting....
2025-04-25 22:21:18.814 +07 | INFO     | Line   56 (video_processor.py): Downloading YouTube video: https://www.youtube.com/watch?v=9RhWXPcKBI8
2025-04-25 22:22:05.026 +07 | INFO     | Line   70 (video_processor.py): Downloaded to /home/dattruong/Desktop/Job/Technical-Test/Eklipse/video_chatbot_9qkhznov/e5b69cf4-4431-4592-a900-8b3e49cb49eb.mp4
2025-04-25 22:22:05.026 +07 | INFO     | Line   98 (video_processor.py): Interval method extracting....
2025-04-25 22:22:14.594 +07 | ERROR    | Line  108 (streamlit_app.py): [App Error] tuple index out of range
2025-04-25 22:24:38.383 +07 | INFO     | Line   20 (streamlit_app.py): Processing video
2025-04-25 22:24:51.436 +07 | INFO     | Line   88 (video_processor.py): Keyframe extracting....
2025-04-25 22:24:51.437 +07 | INFO     | Line   56 (video_processor.py): Downloading YouTube video: https://www.youtube.com/watch?v=9RhWXPcKBI8
2025-04-25 22:25:37.210 +07 | INFO     | Line   70 (video_processor.py): Downloaded to /home/dattruong/Desktop/Job/Technical-Test/Eklipse/video_chatbot_p2ayo8eb/9a5ecba1-aaba-4ed5-814b-b45e99cb579b.mp4
2025-04-25 22:25:37.211 +07 | INFO     | Line   96 (video_processor.py): Use Interval method
2025-04-25 22:25:37.212 +07 | INFO     | Line  101 (video_processor.py): Interval method extracting....
2025-04-25 22:25:37.214 +07 | INFO     | Line  123 (video_processor.py): extracted
2025-04-25 22:25:45.079 +07 | ERROR    | Line  108 (streamlit_app.py): [App Error] tuple index out of range
2025-04-25 22:29:02.947 +07 | INFO     | Line   20 (streamlit_app.py): Processing video
2025-04-25 22:29:15.073 +07 | INFO     | Line   88 (video_processor.py): Keyframe extracting....
2025-04-25 22:29:15.075 +07 | INFO     | Line   56 (video_processor.py): Downloading YouTube video: https://www.youtube.com/watch?v=9RhWXPcKBI8
2025-04-25 22:29:58.345 +07 | INFO     | Line   70 (video_processor.py): Downloaded to /home/dattruong/Desktop/Job/Technical-Test/Eklipse/video_chatbot_uybqxzzp/4e07b277-34ce-4350-be03-15fc12d5a20e.mp4
2025-04-25 22:29:58.345 +07 | INFO     | Line   96 (video_processor.py): Use Interval method
2025-04-25 22:29:58.346 +07 | INFO     | Line  101 (video_processor.py): Interval method extracting....
2025-04-25 22:29:58.349 +07 | INFO     | Line  123 (video_processor.py): extracted
2025-04-25 22:29:58.349 +07 | INFO     | Line   44 (streamlit_app.py): {'image': [], 'timestamp': []}
2025-04-25 22:30:06.479 +07 | ERROR    | Line  108 (streamlit_app.py): [App Error] tuple index out of range
2025-04-25 22:35:26.167 +07 | INFO     | Line   20 (streamlit_app.py): Processing video
2025-04-25 22:35:39.065 +07 | INFO     | Line   88 (video_processor.py): Keyframe extracting....
2025-04-25 22:35:39.065 +07 | INFO     | Line   56 (video_processor.py): Downloading YouTube video: https://www.youtube.com/watch?v=9RhWXPcKBI8
2025-04-25 22:36:37.888 +07 | INFO     | Line   70 (video_processor.py): Downloaded to /home/dattruong/Desktop/Job/Technical-Test/Eklipse/video_chatbot_jv5n1mhv/b0c19650-af14-42a6-aa35-65830eaf0593.mp4
2025-04-25 22:36:37.889 +07 | INFO     | Line   96 (video_processor.py): Use Interval method
2025-04-25 22:36:37.889 +07 | INFO     | Line  101 (video_processor.py): Interval method extracting....
2025-04-25 22:42:05.701 +07 | INFO     | Line  123 (video_processor.py): extracted
2025-04-25 22:42:05.701 +07 | INFO     | Line   44 (streamlit_app.py): {'image': ['data/keyframes/frame_37.jpg', 'data/keyframes/frame_112.jpg', 'data/keyframes/frame_187.jpg', 'data/keyframes/frame_262.jpg', 'data/keyframes/frame_337.jpg', 'data/keyframes/frame_412.jpg', 'data/keyframes/frame_487.jpg', 'data/keyframes/frame_562.jpg', 'data/keyframes/frame_637.jpg', 'data/keyframes/frame_712.jpg', 'data/keyframes/frame_787.jpg', 'data/keyframes/frame_862.jpg', 'data/keyframes/frame_937.jpg', 'data/keyframes/frame_1012.jpg', 'data/keyframes/frame_1087.jpg', 'data/keyframes/frame_1162.jpg', 'data/keyframes/frame_1237.jpg', 'data/keyframes/frame_1312.jpg', 'data/keyframes/frame_1387.jpg', 'data/keyframes/frame_1462.jpg', 'data/keyframes/frame_1537.jpg', 'data/keyframes/frame_1612.jpg', 'data/keyframes/frame_1687.jpg', 'data/keyframes/frame_1762.jpg', 'data/keyframes/frame_1837.jpg', 'data/keyframes/frame_1912.jpg', 'data/keyframes/frame_1987.jpg', 'data/keyframes/frame_2062.jpg', 'data/keyframes/frame_2137.jpg', 'data/keyframes/frame_2212.jpg', 'data/keyframes/frame_2287.jpg', 'data/keyframes/frame_2362.jpg', 'data/keyframes/frame_2437.jpg', 'data/keyframes/frame_2512.jpg', 'data/keyframes/frame_2587.jpg', 'data/keyframes/frame_2662.jpg', 'data/keyframes/frame_2737.jpg', 'data/keyframes/frame_2812.jpg', 'data/keyframes/frame_2887.jpg', 'data/keyframes/frame_2962.jpg', 'data/keyframes/frame_3037.jpg', 'data/keyframes/frame_3112.jpg', 'data/keyframes/frame_3187.jpg', 'data/keyframes/frame_3262.jpg', 'data/keyframes/frame_3337.jpg', 'data/keyframes/frame_3412.jpg', 'data/keyframes/frame_3487.jpg', 'data/keyframes/frame_3562.jpg', 'data/keyframes/frame_3637.jpg', 'data/keyframes/frame_3712.jpg', 'data/keyframes/frame_3787.jpg', 'data/keyframes/frame_3862.jpg', 'data/keyframes/frame_3937.jpg', 'data/keyframes/frame_4012.jpg', 'data/keyframes/frame_4087.jpg', 'data/keyframes/frame_4162.jpg', 'data/keyframes/frame_4237.jpg', 'data/keyframes/frame_4312.jpg', 'data/keyframes/frame_4387.jpg', 'data/keyframes/frame_4462.jpg', 'data/keyframes/frame_4537.jpg', 'data/keyframes/frame_4612.jpg', 'data/keyframes/frame_4687.jpg', 'data/keyframes/frame_4762.jpg', 'data/keyframes/frame_4837.jpg', 'data/keyframes/frame_4912.jpg', 'data/keyframes/frame_4987.jpg', 'data/keyframes/frame_5062.jpg', 'data/keyframes/frame_5137.jpg', 'data/keyframes/frame_5212.jpg', 'data/keyframes/frame_5287.jpg', 'data/keyframes/frame_5362.jpg', 'data/keyframes/frame_5437.jpg', 'data/keyframes/frame_5512.jpg', 'data/keyframes/frame_5587.jpg', 'data/keyframes/frame_5662.jpg', 'data/keyframes/frame_5737.jpg', 'data/keyframes/frame_5812.jpg', 'data/keyframes/frame_5887.jpg', 'data/keyframes/frame_5962.jpg', 'data/keyframes/frame_6037.jpg', 'data/keyframes/frame_6112.jpg', 'data/keyframes/frame_6187.jpg', 'data/keyframes/frame_6262.jpg', 'data/keyframes/frame_6337.jpg', 'data/keyframes/frame_6412.jpg', 'data/keyframes/frame_6487.jpg', 'data/keyframes/frame_6562.jpg', 'data/keyframes/frame_6637.jpg', 'data/keyframes/frame_6712.jpg', 'data/keyframes/frame_6787.jpg', 'data/keyframes/frame_6862.jpg', 'data/keyframes/frame_6937.jpg', 'data/keyframes/frame_7012.jpg', 'data/keyframes/frame_7087.jpg', 'data/keyframes/frame_7162.jpg', 'data/keyframes/frame_7237.jpg', 'data/keyframes/frame_7312.jpg', 'data/keyframes/frame_7387.jpg', 'data/keyframes/frame_7462.jpg', 'data/keyframes/frame_7537.jpg', 'data/keyframes/frame_7612.jpg', 'data/keyframes/frame_7687.jpg', 'data/keyframes/frame_7762.jpg', 'data/keyframes/frame_7837.jpg', 'data/keyframes/frame_7912.jpg', 'data/keyframes/frame_7987.jpg', 'data/keyframes/frame_8062.jpg', 'data/keyframes/frame_8137.jpg', 'data/keyframes/frame_8212.jpg', 'data/keyframes/frame_8287.jpg', 'data/keyframes/frame_8362.jpg', 'data/keyframes/frame_8437.jpg', 'data/keyframes/frame_8512.jpg', 'data/keyframes/frame_8587.jpg', 'data/keyframes/frame_8662.jpg', 'data/keyframes/frame_8737.jpg', 'data/keyframes/frame_8812.jpg', 'data/keyframes/frame_8887.jpg', 'data/keyframes/frame_8962.jpg', 'data/keyframes/frame_9037.jpg', 'data/keyframes/frame_9112.jpg', 'data/keyframes/frame_9187.jpg', 'data/keyframes/frame_9262.jpg', 'data/keyframes/frame_9337.jpg', 'data/keyframes/frame_9412.jpg', 'data/keyframes/frame_9487.jpg', 'data/keyframes/frame_9562.jpg', 'data/keyframes/frame_9637.jpg', 'data/keyframes/frame_9712.jpg', 'data/keyframes/frame_9787.jpg', 'data/keyframes/frame_9862.jpg', 'data/keyframes/frame_9937.jpg', 'data/keyframes/frame_10012.jpg', 'data/keyframes/frame_10087.jpg', 'data/keyframes/frame_10162.jpg', 'data/keyframes/frame_10237.jpg', 'data/keyframes/frame_10312.jpg', 'data/keyframes/frame_10387.jpg', 'data/keyframes/frame_10462.jpg', 'data/keyframes/frame_10537.jpg', 'data/keyframes/frame_10612.jpg', 'data/keyframes/frame_10687.jpg', 'data/keyframes/frame_10762.jpg', 'data/keyframes/frame_10837.jpg', 'data/keyframes/frame_10912.jpg', 'data/keyframes/frame_10987.jpg', 'data/keyframes/frame_11062.jpg', 'data/keyframes/frame_11137.jpg', 'data/keyframes/frame_11212.jpg', 'data/keyframes/frame_11287.jpg', 'data/keyframes/frame_11362.jpg', 'data/keyframes/frame_11437.jpg', 'data/keyframes/frame_11512.jpg', 'data/keyframes/frame_11587.jpg', 'data/keyframes/frame_11662.jpg', 'data/keyframes/frame_11737.jpg', 'data/keyframes/frame_11812.jpg', 'data/keyframes/frame_11887.jpg', 'data/keyframes/frame_11962.jpg', 'data/keyframes/frame_12037.jpg', 'data/keyframes/frame_12112.jpg', 'data/keyframes/frame_12187.jpg', 'data/keyframes/frame_12262.jpg', 'data/keyframes/frame_12337.jpg', 'data/keyframes/frame_12412.jpg', 'data/keyframes/frame_12487.jpg', 'data/keyframes/frame_12562.jpg', 'data/keyframes/frame_12637.jpg', 'data/keyframes/frame_12712.jpg', 'data/keyframes/frame_12787.jpg', 'data/keyframes/frame_12862.jpg', 'data/keyframes/frame_12937.jpg', 'data/keyframes/frame_13012.jpg', 'data/keyframes/frame_13087.jpg', 'data/keyframes/frame_13162.jpg', 'data/keyframes/frame_13237.jpg', 'data/keyframes/frame_13312.jpg', 'data/keyframes/frame_13387.jpg', 'data/keyframes/frame_13462.jpg', 'data/keyframes/frame_13537.jpg', 'data/keyframes/frame_13612.jpg', 'data/keyframes/frame_13687.jpg', 'data/keyframes/frame_13762.jpg', 'data/keyframes/frame_13837.jpg', 'data/keyframes/frame_13912.jpg', 'data/keyframes/frame_13987.jpg', 'data/keyframes/frame_14062.jpg', 'data/keyframes/frame_14137.jpg', 'data/keyframes/frame_14212.jpg', 'data/keyframes/frame_14287.jpg', 'data/keyframes/frame_14362.jpg', 'data/keyframes/frame_14437.jpg', 'data/keyframes/frame_14512.jpg', 'data/keyframes/frame_14587.jpg', 'data/keyframes/frame_14662.jpg', 'data/keyframes/frame_14737.jpg', 'data/keyframes/frame_14812.jpg', 'data/keyframes/frame_14887.jpg', 'data/keyframes/frame_14962.jpg', 'data/keyframes/frame_15037.jpg', 'data/keyframes/frame_15112.jpg', 'data/keyframes/frame_15187.jpg', 'data/keyframes/frame_15262.jpg', 'data/keyframes/frame_15337.jpg', 'data/keyframes/frame_15412.jpg', 'data/keyframes/frame_15487.jpg', 'data/keyframes/frame_15562.jpg', 'data/keyframes/frame_15637.jpg', 'data/keyframes/frame_15712.jpg', 'data/keyframes/frame_15787.jpg', 'data/keyframes/frame_15862.jpg', 'data/keyframes/frame_15937.jpg', 'data/keyframes/frame_16012.jpg', 'data/keyframes/frame_16087.jpg', 'data/keyframes/frame_16162.jpg', 'data/keyframes/frame_16237.jpg', 'data/keyframes/frame_16312.jpg', 'data/keyframes/frame_16387.jpg', 'data/keyframes/frame_16462.jpg', 'data/keyframes/frame_16537.jpg', 'data/keyframes/frame_16612.jpg', 'data/keyframes/frame_16687.jpg', 'data/keyframes/frame_16762.jpg', 'data/keyframes/frame_16837.jpg', 'data/keyframes/frame_16912.jpg', 'data/keyframes/frame_16987.jpg', 'data/keyframes/frame_17062.jpg', 'data/keyframes/frame_17137.jpg', 'data/keyframes/frame_17212.jpg', 'data/keyframes/frame_17287.jpg', 'data/keyframes/frame_17362.jpg', 'data/keyframes/frame_17437.jpg', 'data/keyframes/frame_17512.jpg', 'data/keyframes/frame_17587.jpg', 'data/keyframes/frame_17662.jpg', 'data/keyframes/frame_17737.jpg', 'data/keyframes/frame_17812.jpg', 'data/keyframes/frame_17887.jpg', 'data/keyframes/frame_17962.jpg', 'data/keyframes/frame_18037.jpg', 'data/keyframes/frame_18112.jpg', 'data/keyframes/frame_18187.jpg', 'data/keyframes/frame_18262.jpg', 'data/keyframes/frame_18337.jpg', 'data/keyframes/frame_18412.jpg', 'data/keyframes/frame_18487.jpg', 'data/keyframes/frame_18562.jpg', 'data/keyframes/frame_18637.jpg', 'data/keyframes/frame_18712.jpg', 'data/keyframes/frame_18787.jpg', 'data/keyframes/frame_18862.jpg', 'data/keyframes/frame_18937.jpg', 'data/keyframes/frame_19012.jpg', 'data/keyframes/frame_19087.jpg', 'data/keyframes/frame_19162.jpg', 'data/keyframes/frame_19237.jpg', 'data/keyframes/frame_19312.jpg', 'data/keyframes/frame_19387.jpg', 'data/keyframes/frame_19462.jpg', 'data/keyframes/frame_19537.jpg', 'data/keyframes/frame_19612.jpg', 'data/keyframes/frame_19687.jpg', 'data/keyframes/frame_19762.jpg', 'data/keyframes/frame_19837.jpg', 'data/keyframes/frame_19912.jpg', 'data/keyframes/frame_19987.jpg', 'data/keyframes/frame_20062.jpg', 'data/keyframes/frame_20137.jpg', 'data/keyframes/frame_20212.jpg', 'data/keyframes/frame_20287.jpg', 'data/keyframes/frame_20362.jpg', 'data/keyframes/frame_20437.jpg', 'data/keyframes/frame_20512.jpg', 'data/keyframes/frame_20587.jpg', 'data/keyframes/frame_20662.jpg', 'data/keyframes/frame_20737.jpg', 'data/keyframes/frame_20812.jpg', 'data/keyframes/frame_20887.jpg', 'data/keyframes/frame_20962.jpg', 'data/keyframes/frame_21037.jpg', 'data/keyframes/frame_21112.jpg', 'data/keyframes/frame_21187.jpg', 'data/keyframes/frame_21262.jpg', 'data/keyframes/frame_21337.jpg', 'data/keyframes/frame_21412.jpg', 'data/keyframes/frame_21487.jpg', 'data/keyframes/frame_21562.jpg', 'data/keyframes/frame_21637.jpg', 'data/keyframes/frame_21712.jpg', 'data/keyframes/frame_21787.jpg', 'data/keyframes/frame_21862.jpg', 'data/keyframes/frame_21937.jpg', 'data/keyframes/frame_22012.jpg', 'data/keyframes/frame_22087.jpg', 'data/keyframes/frame_22162.jpg', 'data/keyframes/frame_22237.jpg', 'data/keyframes/frame_22312.jpg', 'data/keyframes/frame_22387.jpg', 'data/keyframes/frame_22462.jpg', 'data/keyframes/frame_22537.jpg', 'data/keyframes/frame_22612.jpg', 'data/keyframes/frame_22687.jpg', 'data/keyframes/frame_22762.jpg', 'data/keyframes/frame_22837.jpg', 'data/keyframes/frame_22912.jpg', 'data/keyframes/frame_22987.jpg', 'data/keyframes/frame_23062.jpg', 'data/keyframes/frame_23137.jpg', 'data/keyframes/frame_23212.jpg', 'data/keyframes/frame_23287.jpg', 'data/keyframes/frame_23362.jpg', 'data/keyframes/frame_23437.jpg', 'data/keyframes/frame_23512.jpg', 'data/keyframes/frame_23587.jpg', 'data/keyframes/frame_23662.jpg', 'data/keyframes/frame_23737.jpg', 'data/keyframes/frame_23812.jpg', 'data/keyframes/frame_23887.jpg', 'data/keyframes/frame_23962.jpg', 'data/keyframes/frame_24037.jpg', 'data/keyframes/frame_24112.jpg', 'data/keyframes/frame_24187.jpg', 'data/keyframes/frame_24262.jpg', 'data/keyframes/frame_24337.jpg', 'data/keyframes/frame_24412.jpg', 'data/keyframes/frame_24487.jpg', 'data/keyframes/frame_24562.jpg', 'data/keyframes/frame_24637.jpg', 'data/keyframes/frame_24712.jpg', 'data/keyframes/frame_24787.jpg', 'data/keyframes/frame_24862.jpg', 'data/keyframes/frame_24937.jpg', 'data/keyframes/frame_25012.jpg', 'data/keyframes/frame_25087.jpg', 'data/keyframes/frame_25162.jpg', 'data/keyframes/frame_25237.jpg', 'data/keyframes/frame_25312.jpg', 'data/keyframes/frame_25387.jpg', 'data/keyframes/frame_25462.jpg', 'data/keyframes/frame_25537.jpg', 'data/keyframes/frame_25612.jpg', 'data/keyframes/frame_25687.jpg', 'data/keyframes/frame_25762.jpg', 'data/keyframes/frame_25837.jpg', 'data/keyframes/frame_25912.jpg', 'data/keyframes/frame_25987.jpg', 'data/keyframes/frame_26062.jpg', 'data/keyframes/frame_26137.jpg', 'data/keyframes/frame_26212.jpg', 'data/keyframes/frame_26287.jpg', 'data/keyframes/frame_26362.jpg', 'data/keyframes/frame_26437.jpg', 'data/keyframes/frame_26512.jpg', 'data/keyframes/frame_26587.jpg', 'data/keyframes/frame_26662.jpg', 'data/keyframes/frame_26737.jpg', 'data/keyframes/frame_26812.jpg', 'data/keyframes/frame_26887.jpg', 'data/keyframes/frame_26962.jpg', 'data/keyframes/frame_27037.jpg', 'data/keyframes/frame_27112.jpg', 'data/keyframes/frame_27187.jpg', 'data/keyframes/frame_27262.jpg', 'data/keyframes/frame_27337.jpg', 'data/keyframes/frame_27412.jpg', 'data/keyframes/frame_27487.jpg', 'data/keyframes/frame_27562.jpg', 'data/keyframes/frame_27637.jpg', 'data/keyframes/frame_27712.jpg', 'data/keyframes/frame_27787.jpg', 'data/keyframes/frame_27862.jpg', 'data/keyframes/frame_27937.jpg', 'data/keyframes/frame_28012.jpg', 'data/keyframes/frame_28087.jpg', 'data/keyframes/frame_28162.jpg', 'data/keyframes/frame_28237.jpg', 'data/keyframes/frame_28312.jpg', 'data/keyframes/frame_28387.jpg', 'data/keyframes/frame_28462.jpg', 'data/keyframes/frame_28537.jpg', 'data/keyframes/frame_28612.jpg', 'data/keyframes/frame_28687.jpg', 'data/keyframes/frame_28762.jpg', 'data/keyframes/frame_28837.jpg', 'data/keyframes/frame_28912.jpg', 'data/keyframes/frame_28987.jpg', 'data/keyframes/frame_29062.jpg', 'data/keyframes/frame_29137.jpg', 'data/keyframes/frame_29212.jpg', 'data/keyframes/frame_29287.jpg', 'data/keyframes/frame_29362.jpg', 'data/keyframes/frame_29437.jpg', 'data/keyframes/frame_29512.jpg', 'data/keyframes/frame_29587.jpg', 'data/keyframes/frame_29662.jpg', 'data/keyframes/frame_29737.jpg', 'data/keyframes/frame_29812.jpg', 'data/keyframes/frame_29887.jpg', 'data/keyframes/frame_29962.jpg', 'data/keyframes/frame_30037.jpg', 'data/keyframes/frame_30112.jpg', 'data/keyframes/frame_30187.jpg', 'data/keyframes/frame_30262.jpg', 'data/keyframes/frame_30337.jpg', 'data/keyframes/frame_30412.jpg', 'data/keyframes/frame_30487.jpg', 'data/keyframes/frame_30562.jpg', 'data/keyframes/frame_30637.jpg', 'data/keyframes/frame_30712.jpg', 'data/keyframes/frame_30787.jpg', 'data/keyframes/frame_30862.jpg', 'data/keyframes/frame_30937.jpg', 'data/keyframes/frame_31012.jpg', 'data/keyframes/frame_31087.jpg', 'data/keyframes/frame_31162.jpg', 'data/keyframes/frame_31237.jpg', 'data/keyframes/frame_31312.jpg', 'data/keyframes/frame_31387.jpg', 'data/keyframes/frame_31462.jpg', 'data/keyframes/frame_31537.jpg', 'data/keyframes/frame_31612.jpg', 'data/keyframes/frame_31687.jpg', 'data/keyframes/frame_31762.jpg', 'data/keyframes/frame_31837.jpg', 'data/keyframes/frame_31912.jpg', 'data/keyframes/frame_31987.jpg', 'data/keyframes/frame_32062.jpg', 'data/keyframes/frame_32137.jpg', 'data/keyframes/frame_32212.jpg', 'data/keyframes/frame_32287.jpg', 'data/keyframes/frame_32362.jpg', 'data/keyframes/frame_32437.jpg', 'data/keyframes/frame_32512.jpg', 'data/keyframes/frame_32587.jpg', 'data/keyframes/frame_32662.jpg', 'data/keyframes/frame_32737.jpg', 'data/keyframes/frame_32812.jpg', 'data/keyframes/frame_32887.jpg', 'data/keyframes/frame_32962.jpg', 'data/keyframes/frame_33037.jpg', 'data/keyframes/frame_33112.jpg', 'data/keyframes/frame_33187.jpg', 'data/keyframes/frame_33262.jpg', 'data/keyframes/frame_33337.jpg', 'data/keyframes/frame_33412.jpg', 'data/keyframes/frame_33487.jpg', 'data/keyframes/frame_33562.jpg', 'data/keyframes/frame_33637.jpg', 'data/keyframes/frame_33712.jpg', 'data/keyframes/frame_33787.jpg', 'data/keyframes/frame_33862.jpg', 'data/keyframes/frame_33937.jpg', 'data/keyframes/frame_34012.jpg', 'data/keyframes/frame_34087.jpg', 'data/keyframes/frame_34162.jpg', 'data/keyframes/frame_34237.jpg', 'data/keyframes/frame_34312.jpg', 'data/keyframes/frame_34387.jpg', 'data/keyframes/frame_34462.jpg', 'data/keyframes/frame_34537.jpg', 'data/keyframes/frame_34612.jpg', 'data/keyframes/frame_34687.jpg', 'data/keyframes/frame_34762.jpg', 'data/keyframes/frame_34837.jpg', 'data/keyframes/frame_34912.jpg', 'data/keyframes/frame_34987.jpg', 'data/keyframes/frame_35062.jpg', 'data/keyframes/frame_35137.jpg', 'data/keyframes/frame_35212.jpg', 'data/keyframes/frame_35287.jpg', 'data/keyframes/frame_35362.jpg', 'data/keyframes/frame_35437.jpg', 'data/keyframes/frame_35512.jpg', 'data/keyframes/frame_35587.jpg', 'data/keyframes/frame_35662.jpg', 'data/keyframes/frame_35737.jpg', 'data/keyframes/frame_35812.jpg', 'data/keyframes/frame_35887.jpg', 'data/keyframes/frame_35962.jpg', 'data/keyframes/frame_36037.jpg', 'data/keyframes/frame_36112.jpg', 'data/keyframes/frame_36187.jpg', 'data/keyframes/frame_36262.jpg', 'data/keyframes/frame_36337.jpg', 'data/keyframes/frame_36412.jpg', 'data/keyframes/frame_36487.jpg', 'data/keyframes/frame_36562.jpg', 'data/keyframes/frame_36637.jpg', 'data/keyframes/frame_36712.jpg', 'data/keyframes/frame_36787.jpg', 'data/keyframes/frame_36862.jpg', 'data/keyframes/frame_36937.jpg', 'data/keyframes/frame_37012.jpg', 'data/keyframes/frame_37087.jpg', 'data/keyframes/frame_37162.jpg', 'data/keyframes/frame_37237.jpg', 'data/keyframes/frame_37312.jpg', 'data/keyframes/frame_37387.jpg', 'data/keyframes/frame_37462.jpg', 'data/keyframes/frame_37537.jpg', 'data/keyframes/frame_37612.jpg', 'data/keyframes/frame_37687.jpg', 'data/keyframes/frame_37762.jpg', 'data/keyframes/frame_37837.jpg', 'data/keyframes/frame_37912.jpg', 'data/keyframes/frame_37987.jpg', 'data/keyframes/frame_38062.jpg', 'data/keyframes/frame_38137.jpg', 'data/keyframes/frame_38212.jpg', 'data/keyframes/frame_38287.jpg', 'data/keyframes/frame_38362.jpg', 'data/keyframes/frame_38437.jpg', 'data/keyframes/frame_38512.jpg', 'data/keyframes/frame_38587.jpg', 'data/keyframes/frame_38662.jpg', 'data/keyframes/frame_38737.jpg', 'data/keyframes/frame_38812.jpg', 'data/keyframes/frame_38887.jpg', 'data/keyframes/frame_38962.jpg', 'data/keyframes/frame_39037.jpg', 'data/keyframes/frame_39112.jpg', 'data/keyframes/frame_39187.jpg', 'data/keyframes/frame_39262.jpg', 'data/keyframes/frame_39337.jpg', 'data/keyframes/frame_39412.jpg', 'data/keyframes/frame_39487.jpg', 'data/keyframes/frame_39562.jpg', 'data/keyframes/frame_39637.jpg', 'data/keyframes/frame_39712.jpg', 'data/keyframes/frame_39787.jpg', 'data/keyframes/frame_39862.jpg', 'data/keyframes/frame_39937.jpg', 'data/keyframes/frame_40012.jpg', 'data/keyframes/frame_40087.jpg', 'data/keyframes/frame_40162.jpg', 'data/keyframes/frame_40237.jpg', 'data/keyframes/frame_40312.jpg', 'data/keyframes/frame_40387.jpg', 'data/keyframes/frame_40462.jpg', 'data/keyframes/frame_40537.jpg', 'data/keyframes/frame_40612.jpg', 'data/keyframes/frame_40687.jpg', 'data/keyframes/frame_40762.jpg', 'data/keyframes/frame_40837.jpg', 'data/keyframes/frame_40912.jpg', 'data/keyframes/frame_40987.jpg', 'data/keyframes/frame_41062.jpg', 'data/keyframes/frame_41137.jpg', 'data/keyframes/frame_41212.jpg', 'data/keyframes/frame_41287.jpg', 'data/keyframes/frame_41362.jpg', 'data/keyframes/frame_41437.jpg', 'data/keyframes/frame_41512.jpg', 'data/keyframes/frame_41587.jpg', 'data/keyframes/frame_41662.jpg', 'data/keyframes/frame_41737.jpg', 'data/keyframes/frame_41812.jpg', 'data/keyframes/frame_41887.jpg', 'data/keyframes/frame_41962.jpg', 'data/keyframes/frame_42037.jpg', 'data/keyframes/frame_42112.jpg', 'data/keyframes/frame_42187.jpg', 'data/keyframes/frame_42262.jpg', 'data/keyframes/frame_42337.jpg', 'data/keyframes/frame_42412.jpg', 'data/keyframes/frame_42487.jpg', 'data/keyframes/frame_42562.jpg', 'data/keyframes/frame_42637.jpg', 'data/keyframes/frame_42712.jpg', 'data/keyframes/frame_42787.jpg', 'data/keyframes/frame_42862.jpg', 'data/keyframes/frame_42937.jpg', 'data/keyframes/frame_43012.jpg', 'data/keyframes/frame_43087.jpg', 'data/keyframes/frame_43162.jpg', 'data/keyframes/frame_43237.jpg', 'data/keyframes/frame_43312.jpg', 'data/keyframes/frame_43387.jpg', 'data/keyframes/frame_43462.jpg', 'data/keyframes/frame_43537.jpg', 'data/keyframes/frame_43612.jpg', 'data/keyframes/frame_43687.jpg', 'data/keyframes/frame_43762.jpg', 'data/keyframes/frame_43837.jpg', 'data/keyframes/frame_43912.jpg', 'data/keyframes/frame_43987.jpg', 'data/keyframes/frame_44062.jpg', 'data/keyframes/frame_44137.jpg', 'data/keyframes/frame_44212.jpg', 'data/keyframes/frame_44287.jpg', 'data/keyframes/frame_44362.jpg', 'data/keyframes/frame_44437.jpg', 'data/keyframes/frame_44512.jpg', 'data/keyframes/frame_44587.jpg', 'data/keyframes/frame_44662.jpg', 'data/keyframes/frame_44737.jpg', 'data/keyframes/frame_44812.jpg', 'data/keyframes/frame_44887.jpg', 'data/keyframes/frame_44962.jpg', 'data/keyframes/frame_45037.jpg', 'data/keyframes/frame_45112.jpg', 'data/keyframes/frame_45187.jpg', 'data/keyframes/frame_45262.jpg', 'data/keyframes/frame_45337.jpg', 'data/keyframes/frame_45412.jpg', 'data/keyframes/frame_45487.jpg', 'data/keyframes/frame_45562.jpg', 'data/keyframes/frame_45637.jpg', 'data/keyframes/frame_45712.jpg', 'data/keyframes/frame_45787.jpg', 'data/keyframes/frame_45862.jpg', 'data/keyframes/frame_45937.jpg', 'data/keyframes/frame_46012.jpg', 'data/keyframes/frame_46087.jpg', 'data/keyframes/frame_46162.jpg', 'data/keyframes/frame_46237.jpg', 'data/keyframes/frame_46312.jpg', 'data/keyframes/frame_46387.jpg', 'data/keyframes/frame_46462.jpg', 'data/keyframes/frame_46537.jpg', 'data/keyframes/frame_46612.jpg', 'data/keyframes/frame_46687.jpg', 'data/keyframes/frame_46762.jpg', 'data/keyframes/frame_46837.jpg', 'data/keyframes/frame_46912.jpg', 'data/keyframes/frame_46987.jpg', 'data/keyframes/frame_47062.jpg', 'data/keyframes/frame_47137.jpg', 'data/keyframes/frame_47212.jpg', 'data/keyframes/frame_47287.jpg', 'data/keyframes/frame_47362.jpg', 'data/keyframes/frame_47437.jpg', 'data/keyframes/frame_47512.jpg', 'data/keyframes/frame_47587.jpg', 'data/keyframes/frame_47662.jpg', 'data/keyframes/frame_47737.jpg', 'data/keyframes/frame_47812.jpg', 'data/keyframes/frame_47887.jpg', 'data/keyframes/frame_47962.jpg', 'data/keyframes/frame_48037.jpg', 'data/keyframes/frame_48112.jpg', 'data/keyframes/frame_48187.jpg', 'data/keyframes/frame_48262.jpg', 'data/keyframes/frame_48337.jpg', 'data/keyframes/frame_48412.jpg', 'data/keyframes/frame_48487.jpg', 'data/keyframes/frame_48562.jpg', 'data/keyframes/frame_48637.jpg', 'data/keyframes/frame_48712.jpg'], 'timestamp': [1.48, 4.48, 7.48, 10.48, 13.48, 16.48, 19.48, 22.48, 25.48, 28.48, 31.48, 34.48, 37.48, 40.48, 43.48, 46.48, 49.48, 52.48, 55.48, 58.48, 61.48, 64.48, 67.48, 70.48, 73.48, 76.48, 79.48, 82.48, 85.48, 88.48, 91.48, 94.48, 97.48, 100.48, 103.48, 106.48, 109.48, 112.48, 115.48, 118.48, 121.48, 124.48, 127.48, 130.48, 133.48, 136.48, 139.48, 142.48, 145.48, 148.48, 151.48, 154.48, 157.48, 160.48, 163.48, 166.48, 169.48, 172.48, 175.48, 178.48, 181.48, 184.48, 187.48, 190.48, 193.48, 196.48, 199.48, 202.48, 205.48, 208.48, 211.48, 214.48, 217.48, 220.48, 223.48, 226.48, 229.48, 232.48, 235.48, 238.48, 241.48, 244.48, 247.48, 250.48, 253.48, 256.48, 259.48, 262.48, 265.48, 268.48, 271.48, 274.48, 277.48, 280.48, 283.48, 286.48, 289.48, 292.48, 295.48, 298.48, 301.48, 304.48, 307.48, 310.48, 313.48, 316.48, 319.48, 322.48, 325.48, 328.48, 331.48, 334.48, 337.48, 340.48, 343.48, 346.48, 349.48, 352.48, 355.48, 358.48, 361.48, 364.48, 367.48, 370.48, 373.48, 376.48, 379.48, 382.48, 385.48, 388.48, 391.48, 394.48, 397.48, 400.48, 403.48, 406.48, 409.48, 412.48, 415.48, 418.48, 421.48, 424.48, 427.48, 430.48, 433.48, 436.48, 439.48, 442.48, 445.48, 448.48, 451.48, 454.48, 457.48, 460.48, 463.48, 466.48, 469.48, 472.48, 475.48, 478.48, 481.48, 484.48, 487.48, 490.48, 493.48, 496.48, 499.48, 502.48, 505.48, 508.48, 511.48, 514.48, 517.48, 520.48, 523.48, 526.48, 529.48, 532.48, 535.48, 538.48, 541.48, 544.48, 547.48, 550.48, 553.48, 556.48, 559.48, 562.48, 565.48, 568.48, 571.48, 574.48, 577.48, 580.48, 583.48, 586.48, 589.48, 592.48, 595.48, 598.48, 601.48, 604.48, 607.48, 610.48, 613.48, 616.48, 619.48, 622.48, 625.48, 628.48, 631.48, 634.48, 637.48, 640.48, 643.48, 646.48, 649.48, 652.48, 655.48, 658.48, 661.48, 664.48, 667.48, 670.48, 673.48, 676.48, 679.48, 682.48, 685.48, 688.48, 691.48, 694.48, 697.48, 700.48, 703.48, 706.48, 709.48, 712.48, 715.48, 718.48, 721.48, 724.48, 727.48, 730.48, 733.48, 736.48, 739.48, 742.48, 745.48, 748.48, 751.48, 754.48, 757.48, 760.48, 763.48, 766.48, 769.48, 772.48, 775.48, 778.48, 781.48, 784.48, 787.48, 790.48, 793.48, 796.48, 799.48, 802.48, 805.48, 808.48, 811.48, 814.48, 817.48, 820.48, 823.48, 826.48, 829.48, 832.48, 835.48, 838.48, 841.48, 844.48, 847.48, 850.48, 853.48, 856.48, 859.48, 862.48, 865.48, 868.48, 871.48, 874.48, 877.48, 880.48, 883.48, 886.48, 889.48, 892.48, 895.48, 898.48, 901.48, 904.48, 907.48, 910.48, 913.48, 916.48, 919.48, 922.48, 925.48, 928.48, 931.48, 934.48, 937.48, 940.48, 943.48, 946.48, 949.48, 952.48, 955.48, 958.48, 961.48, 964.48, 967.48, 970.48, 973.48, 976.48, 979.48, 982.48, 985.48, 988.48, 991.48, 994.48, 997.48, 1000.48, 1003.48, 1006.48, 1009.48, 1012.48, 1015.48, 1018.48, 1021.48, 1024.48, 1027.48, 1030.48, 1033.48, 1036.48, 1039.48, 1042.48, 1045.48, 1048.48, 1051.48, 1054.48, 1057.48, 1060.48, 1063.48, 1066.48, 1069.48, 1072.48, 1075.48, 1078.48, 1081.48, 1084.48, 1087.48, 1090.48, 1093.48, 1096.48, 1099.48, 1102.48, 1105.48, 1108.48, 1111.48, 1114.48, 1117.48, 1120.48, 1123.48, 1126.48, 1129.48, 1132.48, 1135.48, 1138.48, 1141.48, 1144.48, 1147.48, 1150.48, 1153.48, 1156.48, 1159.48, 1162.48, 1165.48, 1168.48, 1171.48, 1174.48, 1177.48, 1180.48, 1183.48, 1186.48, 1189.48, 1192.48, 1195.48, 1198.48, 1201.48, 1204.48, 1207.48, 1210.48, 1213.48, 1216.48, 1219.48, 1222.48, 1225.48, 1228.48, 1231.48, 1234.48, 1237.48, 1240.48, 1243.48, 1246.48, 1249.48, 1252.48, 1255.48, 1258.48, 1261.48, 1264.48, 1267.48, 1270.48, 1273.48, 1276.48, 1279.48, 1282.48, 1285.48, 1288.48, 1291.48, 1294.48, 1297.48, 1300.48, 1303.48, 1306.48, 1309.48, 1312.48, 1315.48, 1318.48, 1321.48, 1324.48, 1327.48, 1330.48, 1333.48, 1336.48, 1339.48, 1342.48, 1345.48, 1348.48, 1351.48, 1354.48, 1357.48, 1360.48, 1363.48, 1366.48, 1369.48, 1372.48, 1375.48, 1378.48, 1381.48, 1384.48, 1387.48, 1390.48, 1393.48, 1396.48, 1399.48, 1402.48, 1405.48, 1408.48, 1411.48, 1414.48, 1417.48, 1420.48, 1423.48, 1426.48, 1429.48, 1432.48, 1435.48, 1438.48, 1441.48, 1444.48, 1447.48, 1450.48, 1453.48, 1456.48, 1459.48, 1462.48, 1465.48, 1468.48, 1471.48, 1474.48, 1477.48, 1480.48, 1483.48, 1486.48, 1489.48, 1492.48, 1495.48, 1498.48, 1501.48, 1504.48, 1507.48, 1510.48, 1513.48, 1516.48, 1519.48, 1522.48, 1525.48, 1528.48, 1531.48, 1534.48, 1537.48, 1540.48, 1543.48, 1546.48, 1549.48, 1552.48, 1555.48, 1558.48, 1561.48, 1564.48, 1567.48, 1570.48, 1573.48, 1576.48, 1579.48, 1582.48, 1585.48, 1588.48, 1591.48, 1594.48, 1597.48, 1600.48, 1603.48, 1606.48, 1609.48, 1612.48, 1615.48, 1618.48, 1621.48, 1624.48, 1627.48, 1630.48, 1633.48, 1636.48, 1639.48, 1642.48, 1645.48, 1648.48, 1651.48, 1654.48, 1657.48, 1660.48, 1663.48, 1666.48, 1669.48, 1672.48, 1675.48, 1678.48, 1681.48, 1684.48, 1687.48, 1690.48, 1693.48, 1696.48, 1699.48, 1702.48, 1705.48, 1708.48, 1711.48, 1714.48, 1717.48, 1720.48, 1723.48, 1726.48, 1729.48, 1732.48, 1735.48, 1738.48, 1741.48, 1744.48, 1747.48, 1750.48, 1753.48, 1756.48, 1759.48, 1762.48, 1765.48, 1768.48, 1771.48, 1774.48, 1777.48, 1780.48, 1783.48, 1786.48, 1789.48, 1792.48, 1795.48, 1798.48, 1801.48, 1804.48, 1807.48, 1810.48, 1813.48, 1816.48, 1819.48, 1822.48, 1825.48, 1828.48, 1831.48, 1834.48, 1837.48, 1840.48, 1843.48, 1846.48, 1849.48, 1852.48, 1855.48, 1858.48, 1861.48, 1864.48, 1867.48, 1870.48, 1873.48, 1876.48, 1879.48, 1882.48, 1885.48, 1888.48, 1891.48, 1894.48, 1897.48, 1900.48, 1903.48, 1906.48, 1909.48, 1912.48, 1915.48, 1918.48, 1921.48, 1924.48, 1927.48, 1930.48, 1933.48, 1936.48, 1939.48, 1942.48, 1945.48, 1948.48]}
2025-04-25 22:42:05.703 +07 | INFO     | Line   45 (streamlit_app.py): done
2025-04-25 22:42:06.637 +07 | ERROR    | Line  109 (streamlit_app.py): [App Error] 'NoneType' object is not subscriptable
2025-04-25 22:48:05.217 +07 | INFO     | Line   20 (streamlit_app.py): Processing video
2025-04-25 22:48:17.419 +07 | INFO     | Line   88 (video_processor.py): Keyframe extracting....
2025-04-25 22:48:17.420 +07 | INFO     | Line   56 (video_processor.py): Downloading YouTube video: https://www.youtube.com/watch?v=9RhWXPcKBI8
2025-04-25 22:48:18.865 +07 | ERROR    | Line   74 (video_processor.py): Download failed: [0;31mERROR:[0m [youtube] 9RhWXPcKBI8: Sign in to confirm you’re not a bot. Use --cookies-from-browser or --cookies for the authentication. See  https://github.com/yt-dlp/yt-dlp/wiki/FAQ#how-do-i-pass-cookies-to-yt-dlp  for how to manually pass cookies. Also see  https://github.com/yt-dlp/yt-dlp/wiki/Extractors#exporting-youtube-cookies  for tips on effectively exporting YouTube cookies
2025-04-25 22:48:18.868 +07 | ERROR    | Line  109 (streamlit_app.py): [App Error] [0;31mERROR:[0m [youtube] 9RhWXPcKBI8: Sign in to confirm you’re not a bot. Use --cookies-from-browser or --cookies for the authentication. See  https://github.com/yt-dlp/yt-dlp/wiki/FAQ#how-do-i-pass-cookies-to-yt-dlp  for how to manually pass cookies. Also see  https://github.com/yt-dlp/yt-dlp/wiki/Extractors#exporting-youtube-cookies  for tips on effectively exporting YouTube cookies
2025-04-25 23:04:19.459 +07 | INFO     | Line   20 (streamlit_app.py): Processing video
2025-04-25 23:04:31.993 +07 | INFO     | Line   91 (video_processor.py): Keyframe extracting....
2025-04-25 23:05:52.255 +07 | INFO     | Line   99 (video_processor.py): Use Interval method
2025-04-25 23:05:52.259 +07 | INFO     | Line  104 (video_processor.py): Interval method extracting....
2025-04-25 23:07:01.156 +07 | INFO     | Line   20 (streamlit_app.py): Processing video
2025-04-25 23:07:15.220 +07 | INFO     | Line   91 (video_processor.py): Keyframe extracting....
2025-04-25 23:08:26.056 +07 | INFO     | Line   20 (streamlit_app.py): Processing video
2025-04-25 23:08:39.513 +07 | INFO     | Line   91 (video_processor.py): Keyframe extracting....
2025-04-25 23:09:12.203 +07 | INFO     | Line   99 (video_processor.py): Use Interval method
2025-04-25 23:09:12.204 +07 | INFO     | Line  104 (video_processor.py): Interval method extracting....
2025-04-25 23:09:12.207 +07 | INFO     | Line  126 (video_processor.py): extracted
2025-04-25 23:09:12.207 +07 | INFO     | Line   44 (streamlit_app.py): {'image': [], 'timestamp': []}
2025-04-25 23:09:12.208 +07 | INFO     | Line   45 (streamlit_app.py): done
2025-04-25 23:09:12.208 +07 | INFO     | Line   37 (source.py): Fetching transcript for video_id=9RhWXPcKBI8
2025-04-25 23:09:20.318 +07 | ERROR    | Line  109 (streamlit_app.py): [App Error] tuple index out of range
2025-04-25 23:10:35.775 +07 | INFO     | Line   20 (streamlit_app.py): Processing video
2025-04-25 23:10:48.528 +07 | INFO     | Line   91 (video_processor.py): Keyframe extracting....
2025-04-25 23:11:52.144 +07 | INFO     | Line   99 (video_processor.py): Use Interval method
2025-04-25 23:11:52.145 +07 | INFO     | Line  104 (video_processor.py): Interval method extracting....
2025-04-25 23:11:52.147 +07 | INFO     | Line  126 (video_processor.py): extracted
2025-04-25 23:11:52.147 +07 | INFO     | Line   44 (streamlit_app.py): {'image': [], 'timestamp': []}
2025-04-25 23:11:52.149 +07 | INFO     | Line   45 (streamlit_app.py): done
2025-04-25 23:11:52.149 +07 | INFO     | Line   37 (source.py): Fetching transcript for video_id=9RhWXPcKBI8
2025-04-25 23:11:59.876 +07 | ERROR    | Line  109 (streamlit_app.py): [App Error] tuple index out of range
2025-04-25 23:19:39.909 +07 | INFO     | Line   20 (streamlit_app.py): Processing video
2025-04-25 23:19:52.596 +07 | INFO     | Line   91 (video_processor.py): Keyframe extracting....
2025-04-25 23:20:58.973 +07 | INFO     | Line   99 (video_processor.py): Use Interval method
2025-04-25 23:20:58.973 +07 | INFO     | Line  104 (video_processor.py): Interval method extracting....
2025-04-25 23:20:58.979 +07 | INFO     | Line  126 (video_processor.py): extracted
2025-04-25 23:20:58.980 +07 | INFO     | Line   44 (streamlit_app.py): {'image': [], 'timestamp': []}
2025-04-25 23:20:58.982 +07 | INFO     | Line   45 (streamlit_app.py): done
2025-04-25 23:20:58.983 +07 | INFO     | Line   37 (source.py): Fetching transcript for video_id=9RhWXPcKBI8
2025-04-25 23:21:07.247 +07 | ERROR    | Line  109 (streamlit_app.py): [App Error] tuple index out of range
